// Jest Snapshot v1, https://goo.gl/fbAQLP

exports[`React Component Testing Number of People select should match previous snapshots 1`] = `
ShallowWrapper {
  Symbol(enzyme.__root__): [Circular],
  Symbol(enzyme.__unrendered__): <NumOfPeopleSelect />,
  Symbol(enzyme.__renderer__): Object {
    "batchedUpdates": [Function],
    "getNode": [Function],
    "render": [Function],
    "simulateError": [Function],
    "simulateEvent": [Function],
    "unmount": [Function],
  },
  Symbol(enzyme.__node__): Object {
    "instance": null,
    "key": undefined,
    "nodeType": "host",
    "props": Object {
      "children": Array [
        <img
          src="images/people.PNG"
        />,
        <select
          defaultValue="two"
        >
          <option
            value="one"
          >
            1 Person
          </option>
          <option
            value="two"
          >
            2 People
          </option>
          <option
            value="three"
          >
            3 People
          </option>
          <option
            value="four"
          >
            4 People
          </option>
          <option
            value="five"
          >
            5 People
          </option>
        </select>,
        <img
          src="images/downarrow.PNG"
        />,
      ],
      "className": "people-container",
    },
    "ref": null,
    "rendered": Array [
      Object {
        "instance": null,
        "key": undefined,
        "nodeType": "host",
        "props": Object {
          "src": "images/people.PNG",
        },
        "ref": null,
        "rendered": null,
        "type": "img",
      },
      Object {
        "instance": null,
        "key": undefined,
        "nodeType": "host",
        "props": Object {
          "children": Array [
            <option
              value="one"
            >
              1 Person
            </option>,
            <option
              value="two"
            >
              2 People
            </option>,
            <option
              value="three"
            >
              3 People
            </option>,
            <option
              value="four"
            >
              4 People
            </option>,
            <option
              value="five"
            >
              5 People
            </option>,
          ],
          "defaultValue": "two",
        },
        "ref": null,
        "rendered": Array [
          Object {
            "instance": null,
            "key": undefined,
            "nodeType": "host",
            "props": Object {
              "children": "1 Person",
              "value": "one",
            },
            "ref": null,
            "rendered": "1 Person",
            "type": "option",
          },
          Object {
            "instance": null,
            "key": undefined,
            "nodeType": "host",
            "props": Object {
              "children": "2 People",
              "value": "two",
            },
            "ref": null,
            "rendered": "2 People",
            "type": "option",
          },
          Object {
            "instance": null,
            "key": undefined,
            "nodeType": "host",
            "props": Object {
              "children": "3 People",
              "value": "three",
            },
            "ref": null,
            "rendered": "3 People",
            "type": "option",
          },
          Object {
            "instance": null,
            "key": undefined,
            "nodeType": "host",
            "props": Object {
              "children": "4 People",
              "value": "four",
            },
            "ref": null,
            "rendered": "4 People",
            "type": "option",
          },
          Object {
            "instance": null,
            "key": undefined,
            "nodeType": "host",
            "props": Object {
              "children": "5 People",
              "value": "five",
            },
            "ref": null,
            "rendered": "5 People",
            "type": "option",
          },
        ],
        "type": "select",
      },
      Object {
        "instance": null,
        "key": undefined,
        "nodeType": "host",
        "props": Object {
          "src": "images/downarrow.PNG",
        },
        "ref": null,
        "rendered": null,
        "type": "img",
      },
    ],
    "type": "span",
  },
  Symbol(enzyme.__nodes__): Array [
    Object {
      "instance": null,
      "key": undefined,
      "nodeType": "host",
      "props": Object {
        "children": Array [
          <img
            src="images/people.PNG"
          />,
          <select
            defaultValue="two"
          >
            <option
              value="one"
            >
              1 Person
            </option>
            <option
              value="two"
            >
              2 People
            </option>
            <option
              value="three"
            >
              3 People
            </option>
            <option
              value="four"
            >
              4 People
            </option>
            <option
              value="five"
            >
              5 People
            </option>
          </select>,
          <img
            src="images/downarrow.PNG"
          />,
        ],
        "className": "people-container",
      },
      "ref": null,
      "rendered": Array [
        Object {
          "instance": null,
          "key": undefined,
          "nodeType": "host",
          "props": Object {
            "src": "images/people.PNG",
          },
          "ref": null,
          "rendered": null,
          "type": "img",
        },
        Object {
          "instance": null,
          "key": undefined,
          "nodeType": "host",
          "props": Object {
            "children": Array [
              <option
                value="one"
              >
                1 Person
              </option>,
              <option
                value="two"
              >
                2 People
              </option>,
              <option
                value="three"
              >
                3 People
              </option>,
              <option
                value="four"
              >
                4 People
              </option>,
              <option
                value="five"
              >
                5 People
              </option>,
            ],
            "defaultValue": "two",
          },
          "ref": null,
          "rendered": Array [
            Object {
              "instance": null,
              "key": undefined,
              "nodeType": "host",
              "props": Object {
                "children": "1 Person",
                "value": "one",
              },
              "ref": null,
              "rendered": "1 Person",
              "type": "option",
            },
            Object {
              "instance": null,
              "key": undefined,
              "nodeType": "host",
              "props": Object {
                "children": "2 People",
                "value": "two",
              },
              "ref": null,
              "rendered": "2 People",
              "type": "option",
            },
            Object {
              "instance": null,
              "key": undefined,
              "nodeType": "host",
              "props": Object {
                "children": "3 People",
                "value": "three",
              },
              "ref": null,
              "rendered": "3 People",
              "type": "option",
            },
            Object {
              "instance": null,
              "key": undefined,
              "nodeType": "host",
              "props": Object {
                "children": "4 People",
                "value": "four",
              },
              "ref": null,
              "rendered": "4 People",
              "type": "option",
            },
            Object {
              "instance": null,
              "key": undefined,
              "nodeType": "host",
              "props": Object {
                "children": "5 People",
                "value": "five",
              },
              "ref": null,
              "rendered": "5 People",
              "type": "option",
            },
          ],
          "type": "select",
        },
        Object {
          "instance": null,
          "key": undefined,
          "nodeType": "host",
          "props": Object {
            "src": "images/downarrow.PNG",
          },
          "ref": null,
          "rendered": null,
          "type": "img",
        },
      ],
      "type": "span",
    },
  ],
  Symbol(enzyme.__options__): Object {
    "adapter": ReactSixteenAdapter {
      "options": Object {
        "enableComponentDidUpdateOnSetState": true,
        "lifecycles": Object {
          "componentDidUpdate": Object {
            "onSetState": true,
          },
          "getDerivedStateFromProps": true,
          "getSnapshotBeforeUpdate": true,
          "setState": Object {
            "skipsComponentDidUpdateOnNullish": true,
          },
        },
      },
    },
    "attachTo": undefined,
    "hydrateIn": undefined,
  },
}
`;
